using AcceptanceTests.Parliament.Transcripts.Hansard.UserStories.WestminsterHall.US004;
using TestLibrary.Parliament.Transcripts.Hansard.UserStories.Scenarios;

namespace ExecutableSpecifications.Parliament.Transcripts.Hansard.UserStories.WestminsterHall.US004
{
    public class sc01_View_a_Westminster_Hall_Sitting_without_Turns
        : us004_sc01<NotImplementedSubcutaneouslyScenario>

    {
        
        public override void Given_I_have_a_Sitting_without_Turns()
        {
            throw new System.NotImplementedException();
        }
        
        public override void When_I_view_the_Turn_Management_screen()
        {
            throw new System.NotImplementedException();
        }
        
        public override void Then_I_should_see_no_Turns()
        {
            throw new System.NotImplementedException();
        }
        
        public override void AndThen_the_warning_message_is_correct()
        {
            throw new System.NotImplementedException();
        }
    }
}